Commit: a2bb6f32140c1559fbc6fdcadeb795ce3899798d
Timestamp: 2026-08-28T19:18:06+03:00

$ ./scripts/compile.sh
EXIT: 0

$ ./scripts/lint.sh
EXIT: 0

$ ./scripts/test.sh
Passed: 92
Runtime invariants passed: 85
EXIT: 0

$ ./scripts/build.sh
UI build successful: /tmp/deal-ui-13367107535856689950/application/classes
UI build successful: /tmp/deal-ui-3001087324806583113/application/classes
UI build successful: /tmp/deal-ui-13944525994839354565/application/classes
UI build successful: /tmp/deal-ui-9921014256175631191/application/classes
UI build successful: /tmp/deal-ui-8277697559832608527/application/classes
EXIT: 0

$ ./scripts/verify-visible.sh
Visible gallery scenario passed
Visible semantic example scenarios passed
EXIT: 0
